
> nur-marisa-catering@0.1.0 dev
> next dev --port 3000

▲ Next.js 16.3.5 (Turbopack)
- Local:         http://localhost:3000
- Network:       http://192.168.8.168:3000
✓ Ready in 636ms
✓ Running next.config.ts took 47ms

 GET / 200 in 701ms (next.js: 242ms, application-code: 460ms)
 GET /menu 200 in 207ms (next.js: 37ms, application-code: 170ms)
 GET / 200 in 209ms (next.js: 13ms, application-code: 196ms)
 GET / 200 in 212ms (next.js: 9ms, application-code: 203ms)
 GET /menu 200 in 184ms (next.js: 7ms, application-code: 177ms)
✓ Compiled in 207ms
 GET / 200 in 467ms (next.js: 17ms, application-code: 450ms)
 GET / 200 in 423ms (next.js: 10ms, application-code: 413ms)
 GET /menu 200 in 241ms (next.js: 9ms, application-code: 232ms)
 GET /menu 200 in 170ms (next.js: 6ms, application-code: 164ms)
 GET / 200 in 236ms (next.js: 11ms, application-code: 225ms)
 GET /menu 200 in 180ms (next.js: 12ms, application-code: 168ms)
 GET / 200 in 619ms (next.js: 27ms, application-code: 592ms)
 GET /menu 200 in 399ms (next.js: 20ms, application-code: 379ms)
 GET / 200 in 158ms (next.js: 18ms, application-code: 139ms)
 GET /menu 200 in 57ms (next.js: 10ms, application-code: 47ms)
 GET / 200 in 141ms (next.js: 12ms, application-code: 129ms)
 GET /menu 200 in 70ms (next.js: 6ms, application-code: 63ms)
 GET / 200 in 600ms (next.js: 40ms, application-code: 560ms)
 GET / 200 in 363ms (next.js: 30ms, application-code: 333ms)
 GET / 200 in 116ms (next.js: 15ms, application-code: 100ms)
✓ Compiled in 294ms
 GET / 200 in 155ms (next.js: 16ms, application-code: 139ms)
 GET / 200 in 385ms (next.js: 14ms, application-code: 371ms)
 GET / 200 in 375ms (next.js: 74ms, application-code: 302ms)
 GET / 200 in 193ms (next.js: 14ms, application-code: 178ms)
✓ Compiled in 640ms
 GET / 200 in 255ms
 GET / 200 in 2.6s (next.js: 415ms, application-code: 2.2s)
 GET / 200 in 1600ms (next.js: 1206ms, application-code: 394ms)
 GET / 200 in 282ms (next.js: 17ms, application-code: 265ms)
 GET / 200 in 1788ms (next.js: 191ms, application-code: 1597ms)
 GET / 200 in 2.0s (next.js: 465ms, application-code: 1548ms)
 GET / 200 in 2.0s (next.js: 496ms, application-code: 1517ms)
 GET / 200 in 470ms (next.js: 33ms, application-code: 437ms)
 GET / 200 in 304ms (next.js: 25ms, application-code: 278ms)
 GET / 200 in 20ms (next.js: 9ms, application-code: 10ms)
 GET / 200 in 233ms (next.js: 94ms, application-code: 139ms)
 GET / 200 in 248ms (next.js: 13ms, application-code: 235ms)
✓ Compiled in 204ms
 GET / 200 in 653ms (next.js: 21ms, application-code: 632ms)
 GET / 200 in 408ms (next.js: 25ms, application-code: 384ms)
 GET / 200 in 536ms (next.js: 17ms, application-code: 519ms)
 GET / 200 in 350ms (next.js: 20ms, application-code: 329ms)
 GET / 200 in 385ms (next.js: 10ms, application-code: 376ms)
 GET /menu 200 in 329ms (next.js: 36ms, application-code: 293ms)
 GET /menu 200 in 273ms (next.js: 11ms, application-code: 262ms)
 GET / 200 in 510ms (next.js: 17ms, application-code: 493ms)
 GET /menu 200 in 502ms (next.js: 28ms, application-code: 474ms)
 GET / 200 in 523ms (next.js: 19ms, application-code: 504ms)
 GET / 200 in 333ms (next.js: 16ms, application-code: 316ms)
 GET / 200 in 698ms (next.js: 35ms, application-code: 664ms)
 GET /menu 200 in 112ms (next.js: 56ms, application-code: 55ms)
✓ Compiled in 339ms
✓ Compiled in 243ms
 GET /menu 200 in 554ms (next.js: 80ms, application-code: 474ms)
✓ Compiled in 111ms
 GET /menu 200 in 117ms (next.js: 29ms, application-code: 89ms)
 GET /menu 200 in 181ms (next.js: 7ms, application-code: 175ms)
✓ Compiled in 133ms
 GET /menu 200 in 231ms (next.js: 36ms, application-code: 195ms)
 GET / 200 in 190ms (next.js: 14ms, application-code: 176ms)
 GET / 200 in 1093ms (next.js: 154ms, application-code: 939ms)
✓ Compiled in 395ms
✓ Compiled in 480ms
 GET / 200 in 367ms (next.js: 41ms, application-code: 326ms)
✓ Compiled in 286ms
 GET / 200 in 374ms (next.js: 33ms, application-code: 341ms)
✓ Compiled in 239ms
 GET / 200 in 332ms (next.js: 34ms, application-code: 297ms)
 GET / 200 in 171ms (next.js: 23ms, application-code: 148ms)
✓ Compiled in 224ms
 GET / 200 in 324ms (next.js: 34ms, application-code: 290ms)
 GET / 200 in 322ms (next.js: 40ms, application-code: 283ms)
 GET / 200 in 373ms (next.js: 33ms, application-code: 340ms)
 GET / 200 in 385ms (next.js: 31ms, application-code: 354ms)
 GET / 200 in 284ms (next.js: 36ms, application-code: 248ms)
 GET / 200 in 258ms (next.js: 36ms, application-code: 221ms)
 GET / 200 in 249ms (next.js: 29ms, application-code: 221ms)
 GET / 200 in 293ms (next.js: 29ms, application-code: 264ms)
 GET / 200 in 257ms (next.js: 28ms, application-code: 229ms)
 GET / 200 in 267ms (next.js: 29ms, application-code: 238ms)
 GET / 200 in 302ms (next.js: 28ms, application-code: 274ms)
 GET / 200 in 331ms (next.js: 30ms, application-code: 300ms)
 GET / 200 in 136ms (next.js: 21ms, application-code: 115ms)
 GET / 200 in 145ms (next.js: 21ms, application-code: 124ms)
✓ Compiled in 116ms
 GET / 200 in 342ms (next.js: 32ms, application-code: 310ms)
✓ Compiled in 442ms
 GET / 200 in 258ms (next.js: 16ms, application-code: 242ms)
✓ Compiled in 102ms
 GET / 200 in 131ms (next.js: 13ms, application-code: 118ms)
 GET / 200 in 140ms (next.js: 9ms, application-code: 130ms)
 GET / 200 in 18ms (next.js: 6ms, application-code: 13ms)
 GET / 200 in 112ms (next.js: 9ms, application-code: 102ms)
✓ Compiled in 84ms
 GET / 200 in 136ms (next.js: 12ms, application-code: 124ms)
 GET / 200 in 722ms (next.js: 22ms, application-code: 700ms)
 GET / 200 in 645ms (next.js: 10ms, application-code: 635ms)
 GET /menu 200 in 488ms (next.js: 67ms, application-code: 421ms)
 GET / 200 in 638ms (next.js: 19ms, application-code: 618ms)
 GET / 200 in 24ms (next.js: 14ms, application-code: 10ms)
 GET / 200 in 561ms (next.js: 139ms, application-code: 422ms)
 GET / 200 in 563ms (next.js: 22ms, application-code: 540ms)
 GET / 200 in 201ms (next.js: 10ms, application-code: 192ms)
 GET /menu 200 in 112ms (next.js: 78ms, application-code: 34ms)
 GET / 200 in 659ms (next.js: 19ms, application-code: 640ms)
 GET / 200 in 749ms (next.js: 46ms, application-code: 703ms)
 GET /menu 200 in 762ms (next.js: 39ms, application-code: 723ms)
✓ Compiled in 497ms
 GET /menu 200 in 148ms (next.js: 14ms, application-code: 134ms)
 GET /menu 200 in 155ms (next.js: 15ms, application-code: 140ms)
 GET / 200 in 692ms (next.js: 68ms, application-code: 624ms)
✓ Compiled in 339ms
✓ Compiled in 3.9s
✓ Compiled in 1467ms
 GET / 200 in 328ms (next.js: 25ms, application-code: 304ms)
 GET / 200 in 713ms (next.js: 28ms, application-code: 685ms)
 GET /_desktop-check.html 404 in 1597ms (next.js: 1404ms, application-code: 193ms)
 GET /menu 200 in 481ms (next.js: 47ms, application-code: 434ms)
 GET / 200 in 427ms (next.js: 65ms, application-code: 363ms)
 GET /menu 200 in 64ms (next.js: 11ms, application-code: 53ms)
 GET / 200 in 175ms (next.js: 18ms, application-code: 157ms)
✓ Compiled in 2.2s
○ Compiling /_error ...
 GET / 500 in 6.3s (next.js: 5.7s, application-code: 549ms)
 GET / 500 in 8.0s (next.js: 7.9s, application-code: 72ms)
 GET /menu 200 in 368ms (next.js: 84ms, application-code: 284ms)
 GET / 200 in 605ms (next.js: 45ms, application-code: 560ms)
 GET / 200 in 571ms (next.js: 54ms, application-code: 516ms)
 GET / 200 in 652ms (next.js: 32ms, application-code: 620ms)
 GET / 200 in 321ms (next.js: 38ms, application-code: 283ms)
 GET /menu 200 in 292ms (next.js: 51ms, application-code: 241ms)
 GET / 200 in 255ms (next.js: 14ms, application-code: 241ms)
 GET / 200 in 490ms (next.js: 73ms, application-code: 418ms)
 GET / 200 in 1014ms (next.js: 38ms, application-code: 976ms)
 GET / 200 in 828ms (next.js: 50ms, application-code: 778ms)
 GET / 200 in 447ms (next.js: 58ms, application-code: 388ms)
 GET /menu 200 in 193ms (next.js: 47ms, application-code: 146ms)
✓ Compiled in 661ms
 GET /menu 200 in 309ms (next.js: 70ms, application-code: 240ms)
 GET /menu 200 in 161ms (next.js: 16ms, application-code: 145ms)
 GET /menu 200 in 134ms (next.js: 17ms, application-code: 117ms)
 GET /?_audit=1 200 in 529ms (next.js: 56ms, application-code: 472ms)
 GET /?_audit=1 200 in 467ms (next.js: 36ms, application-code: 431ms)
 GET /menu?_audit=1 200 in 174ms (next.js: 26ms, application-code: 148ms)
 GET /?_audit=1 200 in 274ms (next.js: 14ms, application-code: 260ms)
 GET / 200 in 787ms (next.js: 34ms, application-code: 753ms)
 GET / 200 in 36ms (next.js: 16ms, application-code: 20ms)
 GET / 200 in 49ms (next.js: 26ms, application-code: 23ms)
✓ Compiled in 1609ms
 GET / 200 in 600ms (next.js: 320ms, application-code: 280ms)
 GET /?_audit=1 200 in 607ms (next.js: 72ms, application-code: 535ms)
✓ Compiled in 4.2s
✓ Compiled in 673ms
✓ Compiled in 553ms
 GET / 200 in 784ms (next.js: 114ms, application-code: 671ms)
 GET /?_audit=1 200 in 677ms (next.js: 225ms, application-code: 452ms)
 GET /?_audit=1 200 in 601ms (next.js: 16ms, application-code: 585ms)
 GET / 200 in 33ms (next.js: 13ms, application-code: 19ms)
 GET /menu 200 in 115ms (next.js: 42ms, application-code: 73ms)
 GET / 200 in 364ms (next.js: 34ms, application-code: 330ms)
 GET /menu?_audit=1 200 in 534ms (next.js: 34ms, application-code: 500ms)
 GET /?_audit=1 200 in 3.4s (next.js: 285ms, application-code: 3.1s)
 GET /menu?_audit=1 200 in 487ms (next.js: 57ms, application-code: 430ms)
[?25h
