⚠ Fast Refresh had to perform a full reload when ./node_modules/next/dist/client/image-component.js changed. Read more: https://nextjs.org/docs/messages/fast-refresh-reload
⚠ Fast Refresh had to perform a full reload when ./node_modules/next/dist/client/image-component.js changed. Read more: https://nextjs.org/docs/messages/fast-refresh-reload
[browser] ./components/menu/PriceListViewer.tsx:8:1
Error: Export priceListMeta doesn't exist in target module
   6 | import { Reveal } from "@/components/ui/Reveal";
   7 | import { Container, Section, SectionHeading } from "@/components/ui/Section";
>  8 | import { priceListMeta, priceListPath } from "@/data/menu";
     | ^^^^^^^^^^^^^^^^^^^^^^^^^^^^^^^^^^^^^^^^^^^^^^^^^^^^^^^^^^^
   9 |
  10 | /**
  11 |  * Menampilkan berkas price list asli (public/Price list Nurmarisa Catering.pdf)

The export priceListMeta was not found in module [project]/data/menu.ts [app-client] (ecmascript).
Did you mean to import menuItems?
All exports of the module are statically known (It doesn't have dynamic exports). So it's known statically that the requested export doesn't exist.

Import trace:
  Server Component:
    ./components/menu/PriceListViewer.tsx
    ./app/menu/page.tsx 
[browser] ./components/menu/PriceListViewer.tsx:8:1
Error: Export priceListMeta doesn't exist in target module
   6 | import { Reveal } from "@/components/ui/Reveal";
   7 | import { Container, Section, SectionHeading } from "@/components/ui/Section";
>  8 | import { priceListMeta, priceListPath } from "@/data/menu";
     | ^^^^^^^^^^^^^^^^^^^^^^^^^^^^^^^^^^^^^^^^^^^^^^^^^^^^^^^^^^^
   9 |
  10 | /**
  11 |  * Menampilkan berkas price list asli (public/Price list Nurmarisa Catering.pdf)

The export priceListMeta was not found in module [project]/data/menu.ts [app-ssr] (ecmascript).
Did you mean to import menuItems?
All exports of the module are statically known (It doesn't have dynamic exports). So it's known statically that the requested export doesn't exist.

Import trace:
  Server Component:
    ./components/menu/PriceListViewer.tsx
    ./app/menu/page.tsx 
[browser] ./components/menu/PriceListViewer.tsx:8:1
Error: Export priceListPath doesn't exist in target module
   6 | import { Reveal } from "@/components/ui/Reveal";
   7 | import { Container, Section, SectionHeading } from "@/components/ui/Section";
>  8 | import { priceListMeta, priceListPath } from "@/data/menu";
     | ^^^^^^^^^^^^^^^^^^^^^^^^^^^^^^^^^^^^^^^^^^^^^^^^^^^^^^^^^^^
   9 |
  10 | /**
  11 |  * Menampilkan berkas price list asli (public/Price list Nurmarisa Catering.pdf)

The export priceListPath was not found in module [project]/data/menu.ts [app-client] (ecmascript).
Did you mean to import formatRupiah?
All exports of the module are statically known (It doesn't have dynamic exports). So it's known statically that the requested export doesn't exist.

Import trace:
  Server Component:
    ./components/menu/PriceListViewer.tsx
    ./app/menu/page.tsx 
[browser] ./components/menu/PriceListViewer.tsx:8:1
Error: Export priceListPath doesn't exist in target module
   6 | import { Reveal } from "@/components/ui/Reveal";
   7 | import { Container, Section, SectionHeading } from "@/components/ui/Section";
>  8 | import { priceListMeta, priceListPath } from "@/data/menu";
     | ^^^^^^^^^^^^^^^^^^^^^^^^^^^^^^^^^^^^^^^^^^^^^^^^^^^^^^^^^^^
   9 |
  10 | /**
  11 |  * Menampilkan berkas price list asli (public/Price list Nurmarisa Catering.pdf)

The export priceListPath was not found in module [project]/data/menu.ts [app-ssr] (ecmascript).
Did you mean to import formatRupiah?
All exports of the module are statically known (It doesn't have dynamic exports). So it's known statically that the requested export doesn't exist.

Import trace:
  Server Component:
    ./components/menu/PriceListViewer.tsx
    ./app/menu/page.tsx 
[browser] ./components/menu/PriceListViewer.tsx:8:1
Error: Export priceListMeta doesn't exist in target module
   6 | import { Reveal } from "@/components/ui/Reveal";
   7 | import { Container, Section, SectionHeading } from "@/components/ui/Section";
>  8 | import { priceListMeta, priceListPath } from "@/data/menu";
     | ^^^^^^^^^^^^^^^^^^^^^^^^^^^^^^^^^^^^^^^^^^^^^^^^^^^^^^^^^^^
   9 |
  10 | /**
  11 |  * Menampilkan berkas price list asli (public/Price list Nurmarisa Catering.pdf)

The export priceListMeta was not found in module [project]/data/menu.ts [app-client] (ecmascript).
Did you mean to import menuItems?
All exports of the module are statically known (It doesn't have dynamic exports). So it's known statically that the requested export doesn't exist.

Import trace:
  Server Component:
    ./components/menu/PriceListViewer.tsx
    ./app/menu/page.tsx 
[browser] ./components/menu/PriceListViewer.tsx:8:1
Error: Export priceListMeta doesn't exist in target module
   6 | import { Reveal } from "@/components/ui/Reveal";
   7 | import { Container, Section, SectionHeading } from "@/components/ui/Section";
>  8 | import { priceListMeta, priceListPath } from "@/data/menu";
     | ^^^^^^^^^^^^^^^^^^^^^^^^^^^^^^^^^^^^^^^^^^^^^^^^^^^^^^^^^^^
   9 |
  10 | /**
  11 |  * Menampilkan berkas price list asli (public/Price list Nurmarisa Catering.pdf)

The export priceListMeta was not found in module [project]/data/menu.ts [app-ssr] (ecmascript).
Did you mean to import menuItems?
All exports of the module are statically known (It doesn't have dynamic exports). So it's known statically that the requested export doesn't exist.

Import trace:
  Server Component:
    ./components/menu/PriceListViewer.tsx
    ./app/menu/page.tsx 
[browser] ./components/menu/PriceListViewer.tsx:8:1
Error: Export priceListPath doesn't exist in target module
   6 | import { Reveal } from "@/components/ui/Reveal";
   7 | import { Container, Section, SectionHeading } from "@/components/ui/Section";
>  8 | import { priceListMeta, priceListPath } from "@/data/menu";
     | ^^^^^^^^^^^^^^^^^^^^^^^^^^^^^^^^^^^^^^^^^^^^^^^^^^^^^^^^^^^
   9 |
  10 | /**
  11 |  * Menampilkan berkas price list asli (public/Price list Nurmarisa Catering.pdf)

The export priceListPath was not found in module [project]/data/menu.ts [app-client] (ecmascript).
Did you mean to import formatRupiah?
All exports of the module are statically known (It doesn't have dynamic exports). So it's known statically that the requested export doesn't exist.

Import trace:
  Server Component:
    ./components/menu/PriceListViewer.tsx
    ./app/menu/page.tsx 
[browser] ./components/menu/PriceListViewer.tsx:8:1
Error: Export priceListPath doesn't exist in target module
   6 | import { Reveal } from "@/components/ui/Reveal";
   7 | import { Container, Section, SectionHeading } from "@/components/ui/Section";
>  8 | import { priceListMeta, priceListPath } from "@/data/menu";
     | ^^^^^^^^^^^^^^^^^^^^^^^^^^^^^^^^^^^^^^^^^^^^^^^^^^^^^^^^^^^
   9 |
  10 | /**
  11 |  * Menampilkan berkas price list asli (public/Price list Nurmarisa Catering.pdf)

The export priceListPath was not found in module [project]/data/menu.ts [app-ssr] (ecmascript).
Did you mean to import formatRupiah?
All exports of the module are statically known (It doesn't have dynamic exports). So it's known statically that the requested export doesn't exist.

Import trace:
  Server Component:
    ./components/menu/PriceListViewer.tsx
    ./app/menu/page.tsx 
[browser] Image with src "/images/price-list/page-02.jpg" was detected as the Largest Contentful Paint (LCP). Please add the `loading="eager"` property if this image is above the fold.
Read more: https://nextjs.org/docs/app/api-reference/components/image#loading
[browser] Image with src "https://images.unsplash.com/photo-1414235077428-338989a2e8c0?auto=format&fit=crop&w=1200&q=75" was detected as the Largest Contentful Paint (LCP). Please add the `loading="eager"` property if this image is above the fold.
Read more: https://nextjs.org/docs/app/api-reference/components/image#loading
[browser] A tree hydrated but some attributes of the server rendered HTML didn't match the client properties. This won't be patched up. This can happen if a SSR-ed Client Component used:

- A server/client branch `if (typeof window !== 'undefined')`.
- Variable input such as `Date.now()` or `Math.random()` which changes each time it's called.
- Date formatting in a user's locale which doesn't match the server.
- External changing data without sending a snapshot of it along with the HTML.
- Invalid HTML tag nesting.

It can also happen if the client has a browser extension installed which messes with the HTML before React loaded.

https://react.dev/link/hydration-mismatch

  ...
    <HotReload globalError={[...]} webSocket={WebSocket} staticIndicatorState={{pathname:null, ...}}>
      <AppDevOverlayErrorBoundary globalError={[...]}>
        <ReplaySsrOnlyErrors>
        <DevRootHTTPAccessFallbackBoundary>
          <HTTPAccessFallbackBoundary notFound={<NotAllowedRootHTTPFallbackError>}>
            <HTTPAccessFallbackErrorBoundary pathname="/menu" notFound={<NotAllowedRootHTTPFallbackError>} ...>
              <RedirectBoundary>
                <RedirectErrorBoundary router={{...}}>
                  <Head>
                  <__next_root_layout_boundary__>
                    <SegmentViewNode type="layout" pagePath="layout.tsx">
                      <SegmentTrieNode>
                      <link>
                      <script>
                      <script>
                      <RootLayout>
                        <html lang="id" data-scroll-behavior="smooth" className="urbanist_2...">
                          <body className="flex min-h...">
                            <Navbar>
                            ...
                              <SegmentViewNode type="page" pagePath="menu/page.tsx">
                                <SegmentTrieNode>
                                <MenuPage>
                                  <section>
                                  ...
                                    <Container className="pt-10">
                                      <div className="mx-auto w-...">
                                        <p>
                                        <div className="mt-10 spac...">
                                          <section>
                                          <section>
                                          <section
                                            id="nasi-kotak"
                                            className="scroll-mt-44"
                                            aria-labelledby="judul-nasi-kotak"
-                                           style={{display:"none"}}
                                          >
                                          <section
                                            id="cemilan"
                                            className="scroll-mt-44"
                                            aria-labelledby="judul-cemilan"
-                                           style={{display:"none"}}
                                          >
                                          <section
                                            id="kue"
                                            className="scroll-mt-44"
                                            aria-labelledby="judul-kue"
-                                           style={{display:"none"}}
                                          >
                                          <section
                                            id="minuman"
                                            className="scroll-mt-44"
                                            aria-labelledby="judul-minuman"
-                                           style={{display:"none"}}
                                          >
                                          <section
                                            id="es-termos"
                                            className="scroll-mt-44"
                                            aria-labelledby="judul-es-termos"
-                                           style={{display:"none"}}
                                          >
                                          <section
                                            id="spesial"
                                            className="scroll-mt-44"
                                            aria-labelledby="judul-spesial"
-                                           style={{display:"none"}}
                                          >
                                          <section
                                            id="aqiqah"
                                            className="scroll-mt-44"
                                            aria-labelledby="judul-aqiqah"
-                                           style={{display:"none"}}
                                          >
                                  <PriceListBrochure>
                                  <OrderSteps>
                                    <Section>
                                      <section
                                        id="cara-pesan"
                                        className="scroll-mt-28 py-16 sm:py-20 lg:py-28 bg-forest-950"
-                                       style={{display:"none"}}
                                      >
                                  <CtaBanner>
                                    <section
                                      className="relative overflow-hidden bg-gold-400 py-16 sm:py-20 lg:py-24"
-                                     style={{display:"none"}}
                                    >
                              ...
                            <Footer>
                              <footer
                                className="border-t border-forest-900 bg-forest-950 text-forest-200"
-                               style={{display:"none"}}
                              >
                  ...
 
[browser] Image with src "/images/price-list/page-01.jpg" was detected as the Largest Contentful Paint (LCP). Please add the `loading="eager"` property if this image is above the fold.
Read more: https://nextjs.org/docs/app/api-reference/components/image#loading
[browser] ./app/globals.css
Error: Error evaluating Node.js code
CssSyntaxError: C:\Users\Fiha Aridhoi\OneDrive\Desktop\code\JASA\nur-marisa-catering\app\globals.css:160:1: Unexpected }
    [at Input.error (turbopack:///[project]/node_modules/postcss/lib/input.js:135:16)]
    [at Parser.unexpectedClose (turbopack:///[project]/node_modules/postcss/lib/parser.js:597:22)]
    [at Parser.end (turbopack:///[project]/node_modules/postcss/lib/parser.js:337:12)]
    [at Parser.parse (turbopack:///[project]/node_modules/postcss/lib/parser.js:466:16)]
    [at parser (turbopack:///[project]/node_modules/postcss/lib/parse.js:11:12)]
    [at new LazyResult (turbopack:///[project]/node_modules/postcss/lib/lazy-result.js:171:16)]
    [at Processor.process (turbopack:///[project]/node_modules/postcss/lib/processor.js:53:14)]
    [at transform (turbopack:///[turbopack-node]/transforms/postcss.ts?config=[project]/postcss.config.mjs:70:51)]
    [at run (turbopack:///[turbopack-node]/child_process/evaluate.ts:89:29)]
    [at run (turbopack:///[turbopack-node]/child_process/evaluate.ts:112:11)]

Import trace:
  Client Component Browser:
    ./app/globals.css [Client Component Browser]
    ./app/layout.tsx [Server Component] 
[browser] ./app/globals.css
Error: Error evaluating Node.js code
CssSyntaxError: C:\Users\Fiha Aridhoi\OneDrive\Desktop\code\JASA\nur-marisa-catering\app\globals.css:160:1: Unexpected }
    [at Input.error (turbopack:///[project]/node_modules/postcss/lib/input.js:135:16)]
    [at Parser.unexpectedClose (turbopack:///[project]/node_modules/postcss/lib/parser.js:597:22)]
    [at Parser.end (turbopack:///[project]/node_modules/postcss/lib/parser.js:337:12)]
    [at Parser.parse (turbopack:///[project]/node_modules/postcss/lib/parser.js:466:16)]
    [at parser (turbopack:///[project]/node_modules/postcss/lib/parse.js:11:12)]
    [at new LazyResult (turbopack:///[project]/node_modules/postcss/lib/lazy-result.js:171:16)]
    [at Processor.process (turbopack:///[project]/node_modules/postcss/lib/processor.js:53:14)]
    [at transform (turbopack:///[turbopack-node]/transforms/postcss.ts?config=[project]/postcss.config.mjs:70:51)]
    [at run (turbopack:///[turbopack-node]/child_process/evaluate.ts:89:29)]
    [at run (turbopack:///[turbopack-node]/child_process/evaluate.ts:112:11)]

Import trace:
  Client Component Browser:
    ./app/globals.css [Client Component Browser]
    ./app/layout.tsx [Server Component] 
[browser] ./app/globals.css
Error: Error evaluating Node.js code
CssSyntaxError: C:\Users\Fiha Aridhoi\OneDrive\Desktop\code\JASA\nur-marisa-catering\app\globals.css:160:1: Unexpected }
    [at Input.error (turbopack:///[project]/node_modules/postcss/lib/input.js:135:16)]
    [at Parser.unexpectedClose (turbopack:///[project]/node_modules/postcss/lib/parser.js:597:22)]
    [at Parser.end (turbopack:///[project]/node_modules/postcss/lib/parser.js:337:12)]
    [at Parser.parse (turbopack:///[project]/node_modules/postcss/lib/parser.js:466:16)]
    [at parser (turbopack:///[project]/node_modules/postcss/lib/parse.js:11:12)]
    [at new LazyResult (turbopack:///[project]/node_modules/postcss/lib/lazy-result.js:171:16)]
    [at Processor.process (turbopack:///[project]/node_modules/postcss/lib/processor.js:53:14)]
    [at transform (turbopack:///[turbopack-node]/transforms/postcss.ts?config=[project]/postcss.config.mjs:70:51)]
    [at run (turbopack:///[turbopack-node]/child_process/evaluate.ts:89:29)]
    [at run (turbopack:///[turbopack-node]/child_process/evaluate.ts:112:11)]

Import trace:
  Client Component Browser:
    ./app/globals.css [Client Component Browser]
    ./app/layout.tsx [Server Component] 
[browser] ./app/globals.css
Error: Error evaluating Node.js code
CssSyntaxError: C:\Users\Fiha Aridhoi\OneDrive\Desktop\code\JASA\nur-marisa-catering\app\globals.css:160:1: Unexpected }
    [at Input.error (turbopack:///[project]/node_modules/postcss/lib/input.js:135:16)]
    [at Parser.unexpectedClose (turbopack:///[project]/node_modules/postcss/lib/parser.js:597:22)]
    [at Parser.end (turbopack:///[project]/node_modules/postcss/lib/parser.js:337:12)]
    [at Parser.parse (turbopack:///[project]/node_modules/postcss/lib/parser.js:466:16)]
    [at parser (turbopack:///[project]/node_modules/postcss/lib/parse.js:11:12)]
    [at new LazyResult (turbopack:///[project]/node_modules/postcss/lib/lazy-result.js:171:16)]
    [at Processor.process (turbopack:///[project]/node_modules/postcss/lib/processor.js:53:14)]
    [at transform (turbopack:///[turbopack-node]/transforms/postcss.ts?config=[project]/postcss.config.mjs:70:51)]
    [at run (turbopack:///[turbopack-node]/child_process/evaluate.ts:89:29)]
    [at run (turbopack:///[turbopack-node]/child_process/evaluate.ts:112:11)]

Import trace:
  Client Component Browser:
    ./app/globals.css [Client Component Browser]
    ./app/layout.tsx [Server Component] 
[browser] ./app/globals.css
Error: Error evaluating Node.js code
CssSyntaxError: C:\Users\Fiha Aridhoi\OneDrive\Desktop\code\JASA\nur-marisa-catering\app\globals.css:160:1: Unexpected }
    [at Input.error (turbopack:///[project]/node_modules/postcss/lib/input.js:135:16)]
    [at Parser.unexpectedClose (turbopack:///[project]/node_modules/postcss/lib/parser.js:597:22)]
    [at Parser.end (turbopack:///[project]/node_modules/postcss/lib/parser.js:337:12)]
    [at Parser.parse (turbopack:///[project]/node_modules/postcss/lib/parser.js:466:16)]
    [at parser (turbopack:///[project]/node_modules/postcss/lib/parse.js:11:12)]
    [at new LazyResult (turbopack:///[project]/node_modules/postcss/lib/lazy-result.js:171:16)]
    [at Processor.process (turbopack:///[project]/node_modules/postcss/lib/processor.js:53:14)]
    [at transform (turbopack:///[turbopack-node]/transforms/postcss.ts?config=[project]/postcss.config.mjs:70:51)]
    [at run (turbopack:///[turbopack-node]/child_process/evaluate.ts:89:29)]
    [at run (turbopack:///[turbopack-node]/child_process/evaluate.ts:112:11)]

Import trace:
  Client Component Browser:
    ./app/globals.css [Client Component Browser]
    ./app/layout.tsx [Server Component] 
[browser] ./app/globals.css
Error: Error evaluating Node.js code
CssSyntaxError: C:\Users\Fiha Aridhoi\OneDrive\Desktop\code\JASA\nur-marisa-catering\app\globals.css:160:1: Unexpected }
    [at Input.error (turbopack:///[project]/node_modules/postcss/lib/input.js:135:16)]
    [at Parser.unexpectedClose (turbopack:///[project]/node_modules/postcss/lib/parser.js:597:22)]
    [at Parser.end (turbopack:///[project]/node_modules/postcss/lib/parser.js:337:12)]
    [at Parser.parse (turbopack:///[project]/node_modules/postcss/lib/parser.js:466:16)]
    [at parser (turbopack:///[project]/node_modules/postcss/lib/parse.js:11:12)]
    [at new LazyResult (turbopack:///[project]/node_modules/postcss/lib/lazy-result.js:171:16)]
    [at Processor.process (turbopack:///[project]/node_modules/postcss/lib/processor.js:53:14)]
    [at transform (turbopack:///[turbopack-node]/transforms/postcss.ts?config=[project]/postcss.config.mjs:70:51)]
    [at run (turbopack:///[turbopack-node]/child_process/evaluate.ts:89:29)]
    [at run (turbopack:///[turbopack-node]/child_process/evaluate.ts:112:11)]

Import trace:
  Client Component Browser:
    ./app/globals.css [Client Component Browser]
    ./app/layout.tsx [Server Component] 
[browser] ./app/globals.css
Error: Error evaluating Node.js code
CssSyntaxError: C:\Users\Fiha Aridhoi\OneDrive\Desktop\code\JASA\nur-marisa-catering\app\globals.css:160:1: Unexpected }
    [at Input.error (turbopack:///[project]/node_modules/postcss/lib/input.js:135:16)]
    [at Parser.unexpectedClose (turbopack:///[project]/node_modules/postcss/lib/parser.js:597:22)]
    [at Parser.end (turbopack:///[project]/node_modules/postcss/lib/parser.js:337:12)]
    [at Parser.parse (turbopack:///[project]/node_modules/postcss/lib/parser.js:466:16)]
    [at parser (turbopack:///[project]/node_modules/postcss/lib/parse.js:11:12)]
    [at new LazyResult (turbopack:///[project]/node_modules/postcss/lib/lazy-result.js:171:16)]
    [at Processor.process (turbopack:///[project]/node_modules/postcss/lib/processor.js:53:14)]
    [at transform (turbopack:///[turbopack-node]/transforms/postcss.ts?config=[project]/postcss.config.mjs:70:51)]
    [at run (turbopack:///[turbopack-node]/child_process/evaluate.ts:89:29)]
    [at run (turbopack:///[turbopack-node]/child_process/evaluate.ts:112:11)]

Import trace:
  Client Component Browser:
    ./app/globals.css [Client Component Browser]
    ./app/layout.tsx [Server Component] 
[browser] ./app/globals.css
Error: Error evaluating Node.js code
CssSyntaxError: C:\Users\Fiha Aridhoi\OneDrive\Desktop\code\JASA\nur-marisa-catering\app\globals.css:160:1: Unexpected }
    [at Input.error (turbopack:///[project]/node_modules/postcss/lib/input.js:135:16)]
    [at Parser.unexpectedClose (turbopack:///[project]/node_modules/postcss/lib/parser.js:597:22)]
    [at Parser.end (turbopack:///[project]/node_modules/postcss/lib/parser.js:337:12)]
    [at Parser.parse (turbopack:///[project]/node_modules/postcss/lib/parser.js:466:16)]
    [at parser (turbopack:///[project]/node_modules/postcss/lib/parse.js:11:12)]
    [at new LazyResult (turbopack:///[project]/node_modules/postcss/lib/lazy-result.js:171:16)]
    [at Processor.process (turbopack:///[project]/node_modules/postcss/lib/processor.js:53:14)]
    [at transform (turbopack:///[turbopack-node]/transforms/postcss.ts?config=[project]/postcss.config.mjs:70:51)]
    [at run (turbopack:///[turbopack-node]/child_process/evaluate.ts:89:29)]
    [at run (turbopack:///[turbopack-node]/child_process/evaluate.ts:112:11)]

Import trace:
  Client Component Browser:
    ./app/globals.css [Client Component Browser]
    ./app/layout.tsx [Server Component] 
[browser] ./app/globals.css
Error: Error evaluating Node.js code
CssSyntaxError: C:\Users\Fiha Aridhoi\OneDrive\Desktop\code\JASA\nur-marisa-catering\app\globals.css:160:1: Unexpected }
    [at Input.error (turbopack:///[project]/node_modules/postcss/lib/input.js:135:16)]
    [at Parser.unexpectedClose (turbopack:///[project]/node_modules/postcss/lib/parser.js:597:22)]
    [at Parser.end (turbopack:///[project]/node_modules/postcss/lib/parser.js:337:12)]
    [at Parser.parse (turbopack:///[project]/node_modules/postcss/lib/parser.js:466:16)]
    [at parser (turbopack:///[project]/node_modules/postcss/lib/parse.js:11:12)]
    [at new LazyResult (turbopack:///[project]/node_modules/postcss/lib/lazy-result.js:171:16)]
    [at Processor.process (turbopack:///[project]/node_modules/postcss/lib/processor.js:53:14)]
    [at transform (turbopack:///[turbopack-node]/transforms/postcss.ts?config=[project]/postcss.config.mjs:70:51)]
    [at run (turbopack:///[turbopack-node]/child_process/evaluate.ts:89:29)]
    [at run (turbopack:///[turbopack-node]/child_process/evaluate.ts:112:11)]

Import trace:
  Client Component Browser:
    ./app/globals.css [Client Component Browser]
    ./app/layout.tsx [Server Component] 
⨯ ReferenceError: menuItemsLength is not defined
    at Module.eval (data\site.ts:95:12)
    at Module.eval (components\ui\BrandMark.tsx:2:1)
    at Module.eval (components\layout\Footer.tsx:3:1)
    at Module.eval (app\layout.tsx:3:1)
    at module evaluation (C:\Users\Fiha Aridhoi\OneDrive\Desktop\code\JASA\nur-marisa-catering\.next\dev\server\chunks\ssr\[root-of-the-server]__16ej7qe._.js:144:47)
  93 | export const stats: Stat[] = [
  94 |   { value: 11, suffix: "+", label: "Tahun melayani" },
> 95 |   { value: menuItemsLength, suffix: "", label: "Pilihan menu" },
     |            ^
  96 |   { value: 4.9, suffix: "/5", label: "Rating pelanggan", decimals: 1 },
  97 | ];
  98 |
⨯ ReferenceError: menuItemsLength is not defined
    at Module.eval (data\site.ts:95:12)
    at Module.eval (components\ui\BrandMark.tsx:2:1)
    at Module.eval (components\layout\Footer.tsx:3:1)
    at Module.eval (app\layout.tsx:3:1)
    at module evaluation (C:\Users\Fiha Aridhoi\OneDrive\Desktop\code\JASA\nur-marisa-catering\.next\dev\server\chunks\ssr\[root-of-the-server]__16ej7qe._.js:144:47)
  93 | export const stats: Stat[] = [
  94 |   { value: 11, suffix: "+", label: "Tahun melayani" },
> 95 |   { value: menuItemsLength, suffix: "", label: "Pilihan menu" },
     |            ^
  96 |   { value: 4.9, suffix: "/5", label: "Rating pelanggan", decimals: 1 },
  97 | ];
  98 | {
  page: '/'
}
⨯ ReferenceError: menuItemsLength is not defined
    at Module.eval (data\site.ts:95:12)
    at Module.eval (components\ui\BrandMark.tsx:2:1)
    at Module.eval (components\layout\Footer.tsx:3:1)
    at Module.eval (app\layout.tsx:3:1)
    at module evaluation (C:\Users\Fiha Aridhoi\OneDrive\Desktop\code\JASA\nur-marisa-catering\.next\dev\server\chunks\ssr\[root-of-the-server]__16ej7qe._.js:144:47)
  93 | export const stats: Stat[] = [
  94 |   { value: 11, suffix: "+", label: "Tahun melayani" },
> 95 |   { value: menuItemsLength, suffix: "", label: "Pilihan menu" },
     |            ^
  96 |   { value: 4.9, suffix: "/5", label: "Rating pelanggan", decimals: 1 },
  97 | ];
  98 | {
  page: '/'
}
⨯ ReferenceError: menuItemsLength is not defined
    at Module.eval (data\site.ts:95:12)
    at Module.eval (components\ui\BrandMark.tsx:2:1)
    at Module.eval (components\layout\Footer.tsx:3:1)
    at Module.eval (app\layout.tsx:3:1)
    at module evaluation (C:\Users\Fiha Aridhoi\OneDrive\Desktop\code\JASA\nur-marisa-catering\.next\dev\server\chunks\ssr\[root-of-the-server]__16ej7qe._.js:144:47)
  93 | export const stats: Stat[] = [
  94 |   { value: 11, suffix: "+", label: "Tahun melayani" },
> 95 |   { value: menuItemsLength, suffix: "", label: "Pilihan menu" },
     |            ^
  96 |   { value: 4.9, suffix: "/5", label: "Rating pelanggan", decimals: 1 },
  97 | ];
  98 | {
  page: '/'
}
[browser] Uncaught ReferenceError: menuItemsLength is not defined
    at Module.eval (data\site.ts:95:12)
    at Module.eval (components\ui\BrandMark.tsx:2:1)
    at Module.eval (components\layout\Footer.tsx:3:1)
    at Module.eval (app\layout.tsx:3:1)
    at module evaluation (app/layout.tsx:59:1)
  93 | export const stats: Stat[] = [
  94 |   { value: 11, suffix: "+", label: "Tahun melayani" },
> 95 |   { value: menuItemsLength, suffix: "", label: "Pilihan menu" },
     |            ^
  96 |   { value: 4.9, suffix: "/5", label: "Rating pelanggan", decimals: 1 },
  97 | ];
  98 |
[browser] Image with src "/images/price-list/page-01.jpg" was detected as the Largest Contentful Paint (LCP). Please add the `loading="eager"` property if this image is above the fold.
Read more: https://nextjs.org/docs/app/api-reference/components/image#loading
[browser] Image with src "/images/price-list/page-01.jpg" was detected as the Largest Contentful Paint (LCP). Please add the `loading="eager"` property if this image is above the fold.
Read more: https://nextjs.org/docs/app/api-reference/components/image#loading
[browser] Image with src "/images/price-list/page-01.jpg" was detected as the Largest Contentful Paint (LCP). Please add the `loading="eager"` property if this image is above the fold.
Read more: https://nextjs.org/docs/app/api-reference/components/image#loading
[browser] Image with src "/images/price-list/page-02.jpg" was detected as the Largest Contentful Paint (LCP). Please add the `loading="eager"` property if this image is above the fold.
Read more: https://nextjs.org/docs/app/api-reference/components/image#loading
[browser] Image with src "/images/price-list/page-03.jpg" was detected as the Largest Contentful Paint (LCP). Please add the `loading="eager"` property if this image is above the fold.
Read more: https://nextjs.org/docs/app/api-reference/components/image#loading
[browser] Image with src "/images/price-list/page-04.jpg" was detected as the Largest Contentful Paint (LCP). Please add the `loading="eager"` property if this image is above the fold.
Read more: https://nextjs.org/docs/app/api-reference/components/image#loading
[browser] Image with src "/images/price-list/page-05.jpg" was detected as the Largest Contentful Paint (LCP). Please add the `loading="eager"` property if this image is above the fold.
Read more: https://nextjs.org/docs/app/api-reference/components/image#loading
[browser] Image with src "/images/price-list/page-06.jpg" was detected as the Largest Contentful Paint (LCP). Please add the `loading="eager"` property if this image is above the fold.
Read more: https://nextjs.org/docs/app/api-reference/components/image#loading
[browser] Image with src "/images/price-list/page-07.jpg" was detected as the Largest Contentful Paint (LCP). Please add the `loading="eager"` property if this image is above the fold.
Read more: https://nextjs.org/docs/app/api-reference/components/image#loading
[browser] Image with src "/images/price-list/page-08.jpg" was detected as the Largest Contentful Paint (LCP). Please add the `loading="eager"` property if this image is above the fold.
Read more: https://nextjs.org/docs/app/api-reference/components/image#loading
[browser] Image with src "/images/price-list/page-09.jpg" was detected as the Largest Contentful Paint (LCP). Please add the `loading="eager"` property if this image is above the fold.
Read more: https://nextjs.org/docs/app/api-reference/components/image#loading
[browser] Image with src "/images/price-list/page-10.jpg" was detected as the Largest Contentful Paint (LCP). Please add the `loading="eager"` property if this image is above the fold.
Read more: https://nextjs.org/docs/app/api-reference/components/image#loading
[browser] Image with src "/images/price-list/page-11.jpg" was detected as the Largest Contentful Paint (LCP). Please add the `loading="eager"` property if this image is above the fold.
Read more: https://nextjs.org/docs/app/api-reference/components/image#loading
[browser] Image with src "https://images.unsplash.com/photo-1414235077428-338989a2e8c0?auto=format&fit=crop&w=1200&q=75" was detected as the Largest Contentful Paint (LCP). Please add the `loading="eager"` property if this image is above the fold.
Read more: https://nextjs.org/docs/app/api-reference/components/image#loading
[browser] Image with src "/images/price-list/page-01.jpg" was detected as the Largest Contentful Paint (LCP). Please add the `loading="eager"` property if this image is above the fold.
Read more: https://nextjs.org/docs/app/api-reference/components/image#loading
⨯ ./app/globals.css:300:21
Error: Module not found: Can't resolve '../node_modules/leaflet/dist/images/layers-2x.png'
  [90m298 |[0m }
  [90m299 |[0m .leaflet-retina .leaflet-control-layers-toggle {
[31m[1m>[0m [90m300 |[0m   background-image: url(..[35m/node_modules/leaflet[0m/dist/images/layers-[35m2[0mx.png);
  [90m    |[0m                     [31m[1m^[0m
  [90m301 |[0m   background-size: [35m26[0mpx [35m26[0mpx;
  [90m302 |[0m }
  [90m303 |[0m .leaflet-touch .leaflet-control-layers-toggle {



Import trace:
  Client Component Browser:
    ./app/globals.css [Client Component Browser]
    ./app/layout.tsx [Server Component]

https://nextjs.org/docs/messages/module-not-found


⨯ ./app/globals.css:295:21
Error: Module not found: Can't resolve '../node_modules/leaflet/dist/images/layers.png'
  [90m293 |[0m }
  [90m294 |[0m .leaflet-control-layers-toggle {
[31m[1m>[0m [90m295 |[0m   background-image: url(..[35m/node_modules/leaflet[0m/dist/images/layers.png);
  [90m    |[0m                     [31m[1m^[0m
  [90m296 |[0m   width: [35m36[0mpx;
  [90m297 |[0m   height: [35m36[0mpx;
  [90m298 |[0m }



Import trace:
  Client Component Browser:
    ./app/globals.css [Client Component Browser]
    ./app/layout.tsx [Server Component]

https://nextjs.org/docs/messages/module-not-found


⨯ ./app/globals.css:340:21
Error: Module not found: Can't resolve '../node_modules/leaflet/dist/images/marker-icon.png'
  [90m338 |[0m }
  [90m339 |[0m .leaflet-[36mdefault[0m-icon-path {
[31m[1m>[0m [90m340 |[0m   background-image: url(..[35m/node_modules/leaflet[0m/dist/images/marker-icon.png);
  [90m    |[0m                     [31m[1m^[0m
  [90m341 |[0m }
  [90m342 |[0m .leaflet-container .leaflet-control-attribution {
  [90m343 |[0m   background: #fff;



Import trace:
  Client Component Browser:
    ./app/globals.css [Client Component Browser]
    ./app/layout.tsx [Server Component]

https://nextjs.org/docs/messages/module-not-found


⨯ ./app/globals.css:300:21
Error: Module not found: Can't resolve '../node_modules/leaflet/dist/images/layers-2x.png'
  [90m298 |[0m }
  [90m299 |[0m .leaflet-retina .leaflet-control-layers-toggle {
[31m[1m>[0m [90m300 |[0m   background-image: url(..[35m/node_modules/leaflet[0m/dist/images/layers-[35m2[0mx.png);
  [90m    |[0m                     [31m[1m^[0m
  [90m301 |[0m   background-size: [35m26[0mpx [35m26[0mpx;
  [90m302 |[0m }
  [90m303 |[0m .leaflet-touch .leaflet-control-layers-toggle {



Import trace:
  Client Component Browser:
    ./app/globals.css [Client Component Browser]
    ./app/layout.tsx [Server Component]

https://nextjs.org/docs/messages/module-not-found


⨯ ./app/globals.css:295:21
Error: Module not found: Can't resolve '../node_modules/leaflet/dist/images/layers.png'
  [90m293 |[0m }
  [90m294 |[0m .leaflet-control-layers-toggle {
[31m[1m>[0m [90m295 |[0m   background-image: url(..[35m/node_modules/leaflet[0m/dist/images/layers.png);
  [90m    |[0m                     [31m[1m^[0m
  [90m296 |[0m   width: [35m36[0mpx;
  [90m297 |[0m   height: [35m36[0mpx;
  [90m298 |[0m }



Import trace:
  Client Component Browser:
    ./app/globals.css [Client Component Browser]
    ./app/layout.tsx [Server Component]

https://nextjs.org/docs/messages/module-not-found


⨯ ./app/globals.css:340:21
Error: Module not found: Can't resolve '../node_modules/leaflet/dist/images/marker-icon.png'
  [90m338 |[0m }
  [90m339 |[0m .leaflet-[36mdefault[0m-icon-path {
[31m[1m>[0m [90m340 |[0m   background-image: url(..[35m/node_modules/leaflet[0m/dist/images/marker-icon.png);
  [90m    |[0m                     [31m[1m^[0m
  [90m341 |[0m }
  [90m342 |[0m .leaflet-container .leaflet-control-attribution {
  [90m343 |[0m   background: #fff;



Import trace:
  Client Component Browser:
    ./app/globals.css [Client Component Browser]
    ./app/layout.tsx [Server Component]

https://nextjs.org/docs/messages/module-not-found


⨯ ./app/globals.css:300:21
Error: Module not found: Can't resolve '../node_modules/leaflet/dist/images/layers-2x.png'
  [90m298 |[0m }
  [90m299 |[0m .leaflet-retina .leaflet-control-layers-toggle {
[31m[1m>[0m [90m300 |[0m   background-image: url(..[35m/node_modules/leaflet[0m/dist/images/layers-[35m2[0mx.png);
  [90m    |[0m                     [31m[1m^[0m
  [90m301 |[0m   background-size: [35m26[0mpx [35m26[0mpx;
  [90m302 |[0m }
  [90m303 |[0m .leaflet-touch .leaflet-control-layers-toggle {



Import trace:
  Client Component Browser:
    ./app/globals.css [Client Component Browser]
    ./app/layout.tsx [Server Component]

https://nextjs.org/docs/messages/module-not-found


⨯ ./app/globals.css:295:21
Error: Module not found: Can't resolve '../node_modules/leaflet/dist/images/layers.png'
  [90m293 |[0m }
  [90m294 |[0m .leaflet-control-layers-toggle {
[31m[1m>[0m [90m295 |[0m   background-image: url(..[35m/node_modules/leaflet[0m/dist/images/layers.png);
  [90m    |[0m                     [31m[1m^[0m
  [90m296 |[0m   width: [35m36[0mpx;
  [90m297 |[0m   height: [35m36[0mpx;
  [90m298 |[0m }



Import trace:
  Client Component Browser:
    ./app/globals.css [Client Component Browser]
    ./app/layout.tsx [Server Component]

https://nextjs.org/docs/messages/module-not-found


⨯ ./app/globals.css:340:21
Error: Module not found: Can't resolve '../node_modules/leaflet/dist/images/marker-icon.png'
  [90m338 |[0m }
  [90m339 |[0m .leaflet-[36mdefault[0m-icon-path {
[31m[1m>[0m [90m340 |[0m   background-image: url(..[35m/node_modules/leaflet[0m/dist/images/marker-icon.png);
  [90m    |[0m                     [31m[1m^[0m
  [90m341 |[0m }
  [90m342 |[0m .leaflet-container .leaflet-control-attribution {
  [90m343 |[0m   background: #fff;



Import trace:
  Client Component Browser:
    ./app/globals.css [Client Component Browser]
    ./app/layout.tsx [Server Component]

https://nextjs.org/docs/messages/module-not-found


⨯ ./app/globals.css:300:21
Error: Module not found: Can't resolve '../node_modules/leaflet/dist/images/layers-2x.png'
  [90m298 |[0m }
  [90m299 |[0m .leaflet-retina .leaflet-control-layers-toggle {
[31m[1m>[0m [90m300 |[0m   background-image: url(..[35m/node_modules/leaflet[0m/dist/images/layers-[35m2[0mx.png);
  [90m    |[0m                     [31m[1m^[0m
  [90m301 |[0m   background-size: [35m26[0mpx [35m26[0mpx;
  [90m302 |[0m }
  [90m303 |[0m .leaflet-touch .leaflet-control-layers-toggle {



Import trace:
  Client Component Browser:
    ./app/globals.css [Client Component Browser]
    ./app/layout.tsx [Server Component]

https://nextjs.org/docs/messages/module-not-found


⨯ ./app/globals.css:295:21
Error: Module not found: Can't resolve '../node_modules/leaflet/dist/images/layers.png'
  [90m293 |[0m }
  [90m294 |[0m .leaflet-control-layers-toggle {
[31m[1m>[0m [90m295 |[0m   background-image: url(..[35m/node_modules/leaflet[0m/dist/images/layers.png);
  [90m    |[0m                     [31m[1m^[0m
  [90m296 |[0m   width: [35m36[0mpx;
  [90m297 |[0m   height: [35m36[0mpx;
  [90m298 |[0m }



Import trace:
  Client Component Browser:
    ./app/globals.css [Client Component Browser]
    ./app/layout.tsx [Server Component]

https://nextjs.org/docs/messages/module-not-found


⨯ ./app/globals.css:340:21
Error: Module not found: Can't resolve '../node_modules/leaflet/dist/images/marker-icon.png'
  [90m338 |[0m }
  [90m339 |[0m .leaflet-[36mdefault[0m-icon-path {
[31m[1m>[0m [90m340 |[0m   background-image: url(..[35m/node_modules/leaflet[0m/dist/images/marker-icon.png);
  [90m    |[0m                     [31m[1m^[0m
  [90m341 |[0m }
  [90m342 |[0m .leaflet-container .leaflet-control-attribution {
  [90m343 |[0m   background: #fff;



Import trace:
  Client Component Browser:
    ./app/globals.css [Client Component Browser]
    ./app/layout.tsx [Server Component]

https://nextjs.org/docs/messages/module-not-found


⨯ ./app/globals.css:300:21
Error: Module not found: Can't resolve '../node_modules/leaflet/dist/images/layers-2x.png'
  [90m298 |[0m }
  [90m299 |[0m .leaflet-retina .leaflet-control-layers-toggle {
[31m[1m>[0m [90m300 |[0m   background-image: url(..[35m/node_modules/leaflet[0m/dist/images/layers-[35m2[0mx.png);
  [90m    |[0m                     [31m[1m^[0m
  [90m301 |[0m   background-size: [35m26[0mpx [35m26[0mpx;
  [90m302 |[0m }
  [90m303 |[0m .leaflet-touch .leaflet-control-layers-toggle {



Import trace:
  Client Component Browser:
    ./app/globals.css [Client Component Browser]
    ./app/layout.tsx [Server Component]

https://nextjs.org/docs/messages/module-not-found


⨯ ./app/globals.css:295:21
Error: Module not found: Can't resolve '../node_modules/leaflet/dist/images/layers.png'
  [90m293 |[0m }
  [90m294 |[0m .leaflet-control-layers-toggle {
[31m[1m>[0m [90m295 |[0m   background-image: url(..[35m/node_modules/leaflet[0m/dist/images/layers.png);
  [90m    |[0m                     [31m[1m^[0m
  [90m296 |[0m   width: [35m36[0mpx;
  [90m297 |[0m   height: [35m36[0mpx;
  [90m298 |[0m }



Import trace:
  Client Component Browser:
    ./app/globals.css [Client Component Browser]
    ./app/layout.tsx [Server Component]

https://nextjs.org/docs/messages/module-not-found


⨯ ./app/globals.css:340:21
Error: Module not found: Can't resolve '../node_modules/leaflet/dist/images/marker-icon.png'
  [90m338 |[0m }
  [90m339 |[0m .leaflet-[36mdefault[0m-icon-path {
[31m[1m>[0m [90m340 |[0m   background-image: url(..[35m/node_modules/leaflet[0m/dist/images/marker-icon.png);
  [90m    |[0m                     [31m[1m^[0m
  [90m341 |[0m }
  [90m342 |[0m .leaflet-container .leaflet-control-attribution {
  [90m343 |[0m   background: #fff;



Import trace:
  Client Component Browser:
    ./app/globals.css [Client Component Browser]
    ./app/layout.tsx [Server Component]

https://nextjs.org/docs/messages/module-not-found


⨯ ./app/globals.css:300:21
Error: Module not found: Can't resolve '../node_modules/leaflet/dist/images/layers-2x.png'
  [90m298 |[0m }
  [90m299 |[0m .leaflet-retina .leaflet-control-layers-toggle {
[31m[1m>[0m [90m300 |[0m   background-image: url(..[35m/node_modules/leaflet[0m/dist/images/layers-[35m2[0mx.png);
  [90m    |[0m                     [31m[1m^[0m
  [90m301 |[0m   background-size: [35m26[0mpx [35m26[0mpx;
  [90m302 |[0m }
  [90m303 |[0m .leaflet-touch .leaflet-control-layers-toggle {



Import trace:
  Client Component Browser:
    ./app/globals.css [Client Component Browser]
    ./app/layout.tsx [Server Component]

https://nextjs.org/docs/messages/module-not-found


⨯ ./app/globals.css:295:21
Error: Module not found: Can't resolve '../node_modules/leaflet/dist/images/layers.png'
  [90m293 |[0m }
  [90m294 |[0m .leaflet-control-layers-toggle {
[31m[1m>[0m [90m295 |[0m   background-image: url(..[35m/node_modules/leaflet[0m/dist/images/layers.png);
  [90m    |[0m                     [31m[1m^[0m
  [90m296 |[0m   width: [35m36[0mpx;
  [90m297 |[0m   height: [35m36[0mpx;
  [90m298 |[0m }



Import trace:
  Client Component Browser:
    ./app/globals.css [Client Component Browser]
    ./app/layout.tsx [Server Component]

https://nextjs.org/docs/messages/module-not-found


⨯ ./app/globals.css:340:21
Error: Module not found: Can't resolve '../node_modules/leaflet/dist/images/marker-icon.png'
  [90m338 |[0m }
  [90m339 |[0m .leaflet-[36mdefault[0m-icon-path {
[31m[1m>[0m [90m340 |[0m   background-image: url(..[35m/node_modules/leaflet[0m/dist/images/marker-icon.png);
  [90m    |[0m                     [31m[1m^[0m
  [90m341 |[0m }
  [90m342 |[0m .leaflet-container .leaflet-control-attribution {
  [90m343 |[0m   background: #fff;



Import trace:
  Client Component Browser:
    ./app/globals.css [Client Component Browser]
    ./app/layout.tsx [Server Component]

https://nextjs.org/docs/messages/module-not-found


⨯ ./app/globals.css:300:21
Error: Module not found: Can't resolve '../node_modules/leaflet/dist/images/layers-2x.png'
  [90m298 |[0m }
  [90m299 |[0m .leaflet-retina .leaflet-control-layers-toggle {
[31m[1m>[0m [90m300 |[0m   background-image: url(..[35m/node_modules/leaflet[0m/dist/images/layers-[35m2[0mx.png);
  [90m    |[0m                     [31m[1m^[0m
  [90m301 |[0m   background-size: [35m26[0mpx [35m26[0mpx;
  [90m302 |[0m }
  [90m303 |[0m .leaflet-touch .leaflet-control-layers-toggle {



Import trace:
  Client Component Browser:
    ./app/globals.css [Client Component Browser]
    ./app/layout.tsx [Server Component]

https://nextjs.org/docs/messages/module-not-found


⨯ ./app/globals.css:295:21
Error: Module not found: Can't resolve '../node_modules/leaflet/dist/images/layers.png'
  [90m293 |[0m }
  [90m294 |[0m .leaflet-control-layers-toggle {
[31m[1m>[0m [90m295 |[0m   background-image: url(..[35m/node_modules/leaflet[0m/dist/images/layers.png);
  [90m    |[0m                     [31m[1m^[0m
  [90m296 |[0m   width: [35m36[0mpx;
  [90m297 |[0m   height: [35m36[0mpx;
  [90m298 |[0m }



Import trace:
  Client Component Browser:
    ./app/globals.css [Client Component Browser]
    ./app/layout.tsx [Server Component]

https://nextjs.org/docs/messages/module-not-found


⨯ ./app/globals.css:340:21
Error: Module not found: Can't resolve '../node_modules/leaflet/dist/images/marker-icon.png'
  [90m338 |[0m }
  [90m339 |[0m .leaflet-[36mdefault[0m-icon-path {
[31m[1m>[0m [90m340 |[0m   background-image: url(..[35m/node_modules/leaflet[0m/dist/images/marker-icon.png);
  [90m    |[0m                     [31m[1m^[0m
  [90m341 |[0m }
  [90m342 |[0m .leaflet-container .leaflet-control-attribution {
  [90m343 |[0m   background: #fff;



Import trace:
  Client Component Browser:
    ./app/globals.css [Client Component Browser]
    ./app/layout.tsx [Server Component]

https://nextjs.org/docs/messages/module-not-found


⨯ ./app/globals.css:300:21
Error: Module not found: Can't resolve '../node_modules/leaflet/dist/images/layers-2x.png'
  [90m298 |[0m }
  [90m299 |[0m .leaflet-retina .leaflet-control-layers-toggle {
[31m[1m>[0m [90m300 |[0m   background-image: url(..[35m/node_modules/leaflet[0m/dist/images/layers-[35m2[0mx.png);
  [90m    |[0m                     [31m[1m^[0m
  [90m301 |[0m   background-size: [35m26[0mpx [35m26[0mpx;
  [90m302 |[0m }
  [90m303 |[0m .leaflet-touch .leaflet-control-layers-toggle {



Import trace:
  Client Component Browser:
    ./app/globals.css [Client Component Browser]
    ./app/layout.tsx [Server Component]

https://nextjs.org/docs/messages/module-not-found


⨯ ./app/globals.css:295:21
Error: Module not found: Can't resolve '../node_modules/leaflet/dist/images/layers.png'
  [90m293 |[0m }
  [90m294 |[0m .leaflet-control-layers-toggle {
[31m[1m>[0m [90m295 |[0m   background-image: url(..[35m/node_modules/leaflet[0m/dist/images/layers.png);
  [90m    |[0m                     [31m[1m^[0m
  [90m296 |[0m   width: [35m36[0mpx;
  [90m297 |[0m   height: [35m36[0mpx;
  [90m298 |[0m }



Import trace:
  Client Component Browser:
    ./app/globals.css [Client Component Browser]
    ./app/layout.tsx [Server Component]

https://nextjs.org/docs/messages/module-not-found


⨯ ./app/globals.css:340:21
Error: Module not found: Can't resolve '../node_modules/leaflet/dist/images/marker-icon.png'
  [90m338 |[0m }
  [90m339 |[0m .leaflet-[36mdefault[0m-icon-path {
[31m[1m>[0m [90m340 |[0m   background-image: url(..[35m/node_modules/leaflet[0m/dist/images/marker-icon.png);
  [90m    |[0m                     [31m[1m^[0m
  [90m341 |[0m }
  [90m342 |[0m .leaflet-container .leaflet-control-attribution {
  [90m343 |[0m   background: #fff;



Import trace:
  Client Component Browser:
    ./app/globals.css [Client Component Browser]
    ./app/layout.tsx [Server Component]

https://nextjs.org/docs/messages/module-not-found


⨯ ./app/globals.css:300:21
Error: Module not found: Can't resolve '../node_modules/leaflet/dist/images/layers-2x.png'
  [90m298 |[0m }
  [90m299 |[0m .leaflet-retina .leaflet-control-layers-toggle {
[31m[1m>[0m [90m300 |[0m   background-image: url(..[35m/node_modules/leaflet[0m/dist/images/layers-[35m2[0mx.png);
  [90m    |[0m                     [31m[1m^[0m
  [90m301 |[0m   background-size: [35m26[0mpx [35m26[0mpx;
  [90m302 |[0m }
  [90m303 |[0m .leaflet-touch .leaflet-control-layers-toggle {



Import trace:
  Client Component Browser:
    ./app/globals.css [Client Component Browser]
    ./app/layout.tsx [Server Component]

https://nextjs.org/docs/messages/module-not-found


⨯ ./app/globals.css:295:21
Error: Module not found: Can't resolve '../node_modules/leaflet/dist/images/layers.png'
  [90m293 |[0m }
  [90m294 |[0m .leaflet-control-layers-toggle {
[31m[1m>[0m [90m295 |[0m   background-image: url(..[35m/node_modules/leaflet[0m/dist/images/layers.png);
  [90m    |[0m                     [31m[1m^[0m
  [90m296 |[0m   width: [35m36[0mpx;
  [90m297 |[0m   height: [35m36[0mpx;
  [90m298 |[0m }



Import trace:
  Client Component Browser:
    ./app/globals.css [Client Component Browser]
    ./app/layout.tsx [Server Component]

https://nextjs.org/docs/messages/module-not-found


⨯ ./app/globals.css:340:21
Error: Module not found: Can't resolve '../node_modules/leaflet/dist/images/marker-icon.png'
  [90m338 |[0m }
  [90m339 |[0m .leaflet-[36mdefault[0m-icon-path {
[31m[1m>[0m [90m340 |[0m   background-image: url(..[35m/node_modules/leaflet[0m/dist/images/marker-icon.png);
  [90m    |[0m                     [31m[1m^[0m
  [90m341 |[0m }
  [90m342 |[0m .leaflet-container .leaflet-control-attribution {
  [90m343 |[0m   background: #fff;



Import trace:
  Client Component Browser:
    ./app/globals.css [Client Component Browser]
    ./app/layout.tsx [Server Component]

https://nextjs.org/docs/messages/module-not-found


[browser] ./app/globals.css:300:21
Error: Module not found: Can't resolve '../node_modules/leaflet/dist/images/layers-2x.png'
  298 | }
  299 | .leaflet-retina .leaflet-control-layers-toggle {
> 300 |   background-image: url(../node_modules/leaflet/dist/images/layers-2x.png);
      |                     ^
  301 |   background-size: 26px 26px;
  302 | }
  303 | .leaflet-touch .leaflet-control-layers-toggle {

Import trace:
  Client Component Browser:
    ./app/globals.css [Client Component Browser]
    ./app/layout.tsx [Server Component]

https://nextjs.org/docs/messages/module-not-found 
[browser] ./app/globals.css:295:21
Error: Module not found: Can't resolve '../node_modules/leaflet/dist/images/layers.png'
  293 | }
  294 | .leaflet-control-layers-toggle {
> 295 |   background-image: url(../node_modules/leaflet/dist/images/layers.png);
      |                     ^
  296 |   width: 36px;
  297 |   height: 36px;
  298 | }

Import trace:
  Client Component Browser:
    ./app/globals.css [Client Component Browser]
    ./app/layout.tsx [Server Component]

https://nextjs.org/docs/messages/module-not-found 
[browser] ./app/globals.css:340:21
Error: Module not found: Can't resolve '../node_modules/leaflet/dist/images/marker-icon.png'
  338 | }
  339 | .leaflet-default-icon-path {
> 340 |   background-image: url(../node_modules/leaflet/dist/images/marker-icon.png);
      |                     ^
  341 | }
  342 | .leaflet-container .leaflet-control-attribution {
  343 |   background: #fff;

Import trace:
  Client Component Browser:
    ./app/globals.css [Client Component Browser]
    ./app/layout.tsx [Server Component]

https://nextjs.org/docs/messages/module-not-found 
[browser] Image with src "/images/price-list/page-04.jpg" was detected as the Largest Contentful Paint (LCP). Please add the `loading="eager"` property if this image is above the fold.
Read more: https://nextjs.org/docs/app/api-reference/components/image#loading
[browser] Image with src "/images/price-list/page-09.jpg" was detected as the Largest Contentful Paint (LCP). Please add the `loading="eager"` property if this image is above the fold.
Read more: https://nextjs.org/docs/app/api-reference/components/image#loading
[browser] Image with src "/images/price-list/page-03.jpg" was detected as the Largest Contentful Paint (LCP). Please add the `loading="eager"` property if this image is above the fold.
Read more: https://nextjs.org/docs/app/api-reference/components/image#loading
[browser] Image with src "/images/price-list/page-01.jpg" was detected as the Largest Contentful Paint (LCP). Please add the `loading="eager"` property if this image is above the fold.
Read more: https://nextjs.org/docs/app/api-reference/components/image#loading
[browser] Image with src "/images/price-list/page-04.jpg" was detected as the Largest Contentful Paint (LCP). Please add the `loading="eager"` property if this image is above the fold.
Read more: https://nextjs.org/docs/app/api-reference/components/image#loading
